2026-07-03 11:14:09.004 +02:00 [INF] Admin user seeded: admin@mypo.co.za {"Application":"MyPO.API"}
2026-07-03 11:14:09.180 +02:00 [WRN] The WebRootPath was not found: C:\Users\AyandaNdungwane\Desktop\MyPO Project\MyPO.API\wwwroot. Static files may be unavailable. {"EventId":{"Id":16,"Name":"WebRootPathNotFound"},"SourceContext":"Microsoft.AspNetCore.StaticFiles.StaticFileMiddleware","Application":"MyPO.API"}
2026-07-03 11:18:21.677 +02:00 [INF] HTTP OPTIONS /api/applications responded 204 in 3.6354 ms {"SourceContext":"Serilog.AspNetCore.RequestLoggingMiddleware","RequestId":"0HNMOSG3H3A94:00000001","ConnectionId":"0HNMOSG3H3A94","Application":"MyPO.API"}
2026-07-03 11:18:22.098 +02:00 [INF] HTTP GET /api/applications responded 200 in 395.6074 ms {"SourceContext":"Serilog.AspNetCore.RequestLoggingMiddleware","RequestId":"0HNMOSG3H3A94:00000002","ConnectionId":"0HNMOSG3H3A94","Application":"MyPO.API"}
2026-07-03 11:20:17.314 +02:00 [INF] HTTP OPTIONS /api/applications responded 204 in 0.5561 ms {"SourceContext":"Serilog.AspNetCore.RequestLoggingMiddleware","RequestId":"0HNMOSG3H3A94:00000003","ConnectionId":"0HNMOSG3H3A94","Application":"MyPO.API"}
2026-07-03 11:20:17.460 +02:00 [INF] HTTP GET /api/applications responded 200 in 136.0203 ms {"SourceContext":"Serilog.AspNetCore.RequestLoggingMiddleware","RequestId":"0HNMOSG3H3A94:00000004","ConnectionId":"0HNMOSG3H3A94","Application":"MyPO.API"}
2026-07-03 14:01:02.398 +02:00 [INF] HTTP OPTIONS /api/auth/login responded 204 in 10.7843 ms {"SourceContext":"Serilog.AspNetCore.RequestLoggingMiddleware","RequestId":"0HNMOSG3H3A95:00000001","ConnectionId":"0HNMOSG3H3A95","Application":"MyPO.API"}
2026-07-03 14:01:03.306 +02:00 [INF] User logged in: ndungwaneayanda@gmail.com {"SourceContext":"MyPO.API.Controllers.AuthController","ActionId":"b49e53a2-1022-4c14-9249-e39829a8539d","ActionName":"MyPO.API.Controllers.AuthController.Login (MyPO.API)","RequestId":"0HNMOSG3H3A95:00000002","RequestPath":"/api/auth/login","ConnectionId":"0HNMOSG3H3A95","Application":"MyPO.API"}
2026-07-03 14:01:03.369 +02:00 [INF] HTTP POST /api/auth/login responded 200 in 929.7506 ms {"SourceContext":"Serilog.AspNetCore.RequestLoggingMiddleware","RequestId":"0HNMOSG3H3A95:00000002","ConnectionId":"0HNMOSG3H3A95","Application":"MyPO.API"}
2026-07-03 14:01:03.545 +02:00 [INF] HTTP OPTIONS /api/applications responded 204 in 0.4344 ms {"SourceContext":"Serilog.AspNetCore.RequestLoggingMiddleware","RequestId":"0HNMOSG3H3A95:00000003","ConnectionId":"0HNMOSG3H3A95","Application":"MyPO.API"}
2026-07-03 14:01:03.592 +02:00 [INF] HTTP GET /api/applications responded 200 in 33.4786 ms {"SourceContext":"Serilog.AspNetCore.RequestLoggingMiddleware","RequestId":"0HNMOSG3H3A95:00000004","ConnectionId":"0HNMOSG3H3A95","Application":"MyPO.API"}
2026-07-03 14:04:06.000 +02:00 [INF] HTTP OPTIONS /api/contact responded 204 in 0.4187 ms {"SourceContext":"Serilog.AspNetCore.RequestLoggingMiddleware","RequestId":"0HNMOSG3H3A96:00000001","ConnectionId":"0HNMOSG3H3A96","Application":"MyPO.API"}
2026-07-03 14:04:06.752 +02:00 [INF] Email sent to info@mypo.co.za {"SourceContext":"MyPO.API.Services.EmailService","ActionId":"728cc470-4602-430f-8c5e-80ececd5888b","ActionName":"MyPO.API.Controllers.ContactController.SendContact (MyPO.API)","RequestId":"0HNMOSG3H3A96:00000002","RequestPath":"/api/contact","ConnectionId":"0HNMOSG3H3A96","Application":"MyPO.API"}
2026-07-03 14:04:06.763 +02:00 [INF] HTTP POST /api/contact responded 200 in 751.1819 ms {"SourceContext":"Serilog.AspNetCore.RequestLoggingMiddleware","RequestId":"0HNMOSG3H3A96:00000002","ConnectionId":"0HNMOSG3H3A96","Application":"MyPO.API"}
2026-07-03 14:05:07.298 +02:00 [INF] HTTP OPTIONS /api/auth/register responded 204 in 0.3775 ms {"SourceContext":"Serilog.AspNetCore.RequestLoggingMiddleware","RequestId":"0HNMOSG3H3A96:00000003","ConnectionId":"0HNMOSG3H3A96","Application":"MyPO.API"}
2026-07-03 14:05:07.885 +02:00 [INF] New supplier registered: andugwane26@amidel.co.za | RefCode: SUP-0005 {"SourceContext":"MyPO.API.Controllers.AuthController","ActionId":"db4f87e6-2685-49ec-824c-0037e9ca9acf","ActionName":"MyPO.API.Controllers.AuthController.Register (MyPO.API)","RequestId":"0HNMOSG3H3A96:00000004","RequestPath":"/api/auth/register","ConnectionId":"0HNMOSG3H3A96","Application":"MyPO.API"}
2026-07-03 14:05:07.894 +02:00 [INF] HTTP POST /api/auth/register responded 200 in 578.7320 ms {"SourceContext":"Serilog.AspNetCore.RequestLoggingMiddleware","RequestId":"0HNMOSG3H3A96:00000004","ConnectionId":"0HNMOSG3H3A96","Application":"MyPO.API"}
2026-07-03 14:05:07.906 +02:00 [INF] HTTP OPTIONS /api/applications responded 204 in 0.1408 ms {"SourceContext":"Serilog.AspNetCore.RequestLoggingMiddleware","RequestId":"0HNMOSG3H3A96:00000005","ConnectionId":"0HNMOSG3H3A96","Application":"MyPO.API"}
2026-07-03 14:05:07.920 +02:00 [INF] HTTP GET /api/applications responded 200 in 6.0153 ms {"SourceContext":"Serilog.AspNetCore.RequestLoggingMiddleware","RequestId":"0HNMOSG3H3A96:00000006","ConnectionId":"0HNMOSG3H3A96","Application":"MyPO.API"}
2026-07-03 14:06:03.014 +02:00 [INF] HTTP OPTIONS /api/applications responded 204 in 0.1185 ms {"SourceContext":"Serilog.AspNetCore.RequestLoggingMiddleware","RequestId":"0HNMOSG3H3A96:00000007","ConnectionId":"0HNMOSG3H3A96","Application":"MyPO.API"}
2026-07-03 14:06:03.035 +02:00 [INF] HTTP GET /api/applications responded 200 in 10.0692 ms {"SourceContext":"Serilog.AspNetCore.RequestLoggingMiddleware","RequestId":"0HNMOSG3H3A96:00000008","ConnectionId":"0HNMOSG3H3A96","Application":"MyPO.API"}
2026-07-03 14:06:04.401 +02:00 [INF] HTTP GET /api/applications responded 200 in 151.9107 ms {"SourceContext":"Serilog.AspNetCore.RequestLoggingMiddleware","RequestId":"0HNMOSG3H3A96:00000009","ConnectionId":"0HNMOSG3H3A96","Application":"MyPO.API"}
2026-07-03 14:06:08.085 +02:00 [INF] HTTP OPTIONS /api/applications responded 204 in 0.4845 ms {"SourceContext":"Serilog.AspNetCore.RequestLoggingMiddleware","RequestId":"0HNMOSG3H3A96:0000000A","ConnectionId":"0HNMOSG3H3A96","Application":"MyPO.API"}
2026-07-03 14:06:08.099 +02:00 [INF] HTTP GET /api/applications responded 200 in 4.5511 ms {"SourceContext":"Serilog.AspNetCore.RequestLoggingMiddleware","RequestId":"0HNMOSG3H3A96:0000000B","ConnectionId":"0HNMOSG3H3A96","Application":"MyPO.API"}
2026-07-03 14:08:07.596 +02:00 [INF] HTTP OPTIONS /api/funders/register responded 204 in 0.2612 ms {"SourceContext":"Serilog.AspNetCore.RequestLoggingMiddleware","RequestId":"0HNMOSG3H3A96:0000000C","ConnectionId":"0HNMOSG3H3A96","Application":"MyPO.API"}
2026-07-03 14:08:07.755 +02:00 [INF] New funder registered: A Tech | RefCode: FUN-0002 | UserId: "b25dc34a-bddf-4615-8ebc-965c56dd509e" {"SourceContext":"MyPO.API.Controllers.FundersController","ActionId":"271579e4-de42-4480-abd1-97130b13d2db","ActionName":"MyPO.API.Controllers.FundersController.RegisterFunder (MyPO.API)","RequestId":"0HNMOSG3H3A96:0000000D","RequestPath":"/api/funders/register","ConnectionId":"0HNMOSG3H3A96","Application":"MyPO.API"}
2026-07-03 14:08:07.949 +02:00 [INF] HTTP POST /api/funders/register responded 200 in 339.9029 ms {"SourceContext":"Serilog.AspNetCore.RequestLoggingMiddleware","RequestId":"0HNMOSG3H3A96:0000000D","ConnectionId":"0HNMOSG3H3A96","Application":"MyPO.API"}
2026-07-03 14:08:07.960 +02:00 [INF] HTTP OPTIONS /api/auth/me responded 204 in 0.0772 ms {"SourceContext":"Serilog.AspNetCore.RequestLoggingMiddleware","RequestId":"0HNMOSG3H3A96:0000000E","ConnectionId":"0HNMOSG3H3A96","Application":"MyPO.API"}
2026-07-03 14:08:08.009 +02:00 [INF] HTTP GET /api/auth/me responded 200 in 39.2767 ms {"SourceContext":"Serilog.AspNetCore.RequestLoggingMiddleware","RequestId":"0HNMOSG3H3A96:0000000F","ConnectionId":"0HNMOSG3H3A96","Application":"MyPO.API"}
2026-07-03 14:09:14.802 +02:00 [INF] HTTP OPTIONS /api/applications responded 204 in 0.1290 ms {"SourceContext":"Serilog.AspNetCore.RequestLoggingMiddleware","RequestId":"0HNMOSG3H3A96:00000010","ConnectionId":"0HNMOSG3H3A96","Application":"MyPO.API"}
2026-07-03 14:09:14.823 +02:00 [INF] HTTP GET /api/applications responded 200 in 6.4387 ms {"SourceContext":"Serilog.AspNetCore.RequestLoggingMiddleware","RequestId":"0HNMOSG3H3A96:00000011","ConnectionId":"0HNMOSG3H3A96","Application":"MyPO.API"}
2026-07-03 14:10:36.049 +02:00 [INF] HTTP OPTIONS /api/applications responded 204 in 0.4877 ms {"SourceContext":"Serilog.AspNetCore.RequestLoggingMiddleware","RequestId":"0HNMOSG3H3A96:00000012","ConnectionId":"0HNMOSG3H3A96","Application":"MyPO.API"}
2026-07-03 14:10:36.069 +02:00 [INF] HTTP GET /api/applications responded 200 in 7.5540 ms {"SourceContext":"Serilog.AspNetCore.RequestLoggingMiddleware","RequestId":"0HNMOSG3H3A96:00000013","ConnectionId":"0HNMOSG3H3A96","Application":"MyPO.API"}
2026-07-03 14:11:25.851 +02:00 [INF] HTTP OPTIONS /api/applications responded 204 in 0.0731 ms {"SourceContext":"Serilog.AspNetCore.RequestLoggingMiddleware","RequestId":"0HNMOSG3H3A96:00000014","ConnectionId":"0HNMOSG3H3A96","Application":"MyPO.API"}
2026-07-03 14:11:25.922 +02:00 [INF] HTTP GET /api/applications responded 200 in 61.2697 ms {"SourceContext":"Serilog.AspNetCore.RequestLoggingMiddleware","RequestId":"0HNMOSG3H3A96:00000015","ConnectionId":"0HNMOSG3H3A96","Application":"MyPO.API"}
2026-07-03 14:13:17.843 +02:00 [INF] HTTP OPTIONS /api/applications responded 204 in 0.1137 ms {"SourceContext":"Serilog.AspNetCore.RequestLoggingMiddleware","RequestId":"0HNMOSG3H3A96:00000016","ConnectionId":"0HNMOSG3H3A96","Application":"MyPO.API"}
2026-07-03 14:13:17.868 +02:00 [INF] HTTP GET /api/applications responded 200 in 6.7016 ms {"SourceContext":"Serilog.AspNetCore.RequestLoggingMiddleware","RequestId":"0HNMOSG3H3A96:00000017","ConnectionId":"0HNMOSG3H3A96","Application":"MyPO.API"}
2026-07-03 14:13:22.841 +02:00 [INF] HTTP GET /api/applications responded 200 in 10.0814 ms {"SourceContext":"Serilog.AspNetCore.RequestLoggingMiddleware","RequestId":"0HNMOSG3H3A96:00000018","ConnectionId":"0HNMOSG3H3A96","Application":"MyPO.API"}
2026-07-03 14:13:26.807 +02:00 [INF] HTTP OPTIONS /api/applications responded 204 in 0.1171 ms {"SourceContext":"Serilog.AspNetCore.RequestLoggingMiddleware","RequestId":"0HNMOSG3H3A96:00000019","ConnectionId":"0HNMOSG3H3A96","Application":"MyPO.API"}
2026-07-03 14:13:26.817 +02:00 [INF] HTTP GET /api/applications responded 200 in 3.5071 ms {"SourceContext":"Serilog.AspNetCore.RequestLoggingMiddleware","RequestId":"0HNMOSG3H3A96:0000001A","ConnectionId":"0HNMOSG3H3A96","Application":"MyPO.API"}
2026-07-03 14:13:31.818 +02:00 [INF] HTTP GET /api/applications responded 200 in 6.6211 ms {"SourceContext":"Serilog.AspNetCore.RequestLoggingMiddleware","RequestId":"0HNMOSG3H3A96:0000001B","ConnectionId":"0HNMOSG3H3A96","Application":"MyPO.API"}
2026-07-03 14:13:38.847 +02:00 [INF] HTTP OPTIONS /api/applications responded 204 in 0.0724 ms {"SourceContext":"Serilog.AspNetCore.RequestLoggingMiddleware","RequestId":"0HNMOSG3H3A96:0000001C","ConnectionId":"0HNMOSG3H3A96","Application":"MyPO.API"}
2026-07-03 14:13:38.864 +02:00 [INF] HTTP GET /api/applications responded 200 in 3.6259 ms {"SourceContext":"Serilog.AspNetCore.RequestLoggingMiddleware","RequestId":"0HNMOSG3H3A96:0000001D","ConnectionId":"0HNMOSG3H3A96","Application":"MyPO.API"}
2026-07-03 14:13:51.709 +02:00 [INF] HTTP OPTIONS /api/applications responded 204 in 0.0557 ms {"SourceContext":"Serilog.AspNetCore.RequestLoggingMiddleware","RequestId":"0HNMOSG3H3A96:0000001E","ConnectionId":"0HNMOSG3H3A96","Application":"MyPO.API"}
2026-07-03 14:13:51.730 +02:00 [INF] HTTP GET /api/applications responded 200 in 11.8273 ms {"SourceContext":"Serilog.AspNetCore.RequestLoggingMiddleware","RequestId":"0HNMOSG3H3A96:0000001F","ConnectionId":"0HNMOSG3H3A96","Application":"MyPO.API"}
2026-07-03 14:15:22.464 +02:00 [INF] HTTP OPTIONS /api/applications responded 204 in 0.0679 ms {"SourceContext":"Serilog.AspNetCore.RequestLoggingMiddleware","RequestId":"0HNMOSG3H3A96:00000020","ConnectionId":"0HNMOSG3H3A96","Application":"MyPO.API"}
2026-07-03 14:15:22.476 +02:00 [INF] HTTP GET /api/applications responded 200 in 4.5509 ms {"SourceContext":"Serilog.AspNetCore.RequestLoggingMiddleware","RequestId":"0HNMOSG3H3A96:00000021","ConnectionId":"0HNMOSG3H3A96","Application":"MyPO.API"}
2026-07-03 14:16:01.119 +02:00 [INF] HTTP OPTIONS /api/funders/register responded 204 in 0.0870 ms {"SourceContext":"Serilog.AspNetCore.RequestLoggingMiddleware","RequestId":"0HNMOSG3H3A96:00000022","ConnectionId":"0HNMOSG3H3A96","Application":"MyPO.API"}
2026-07-03 14:16:01.149 +02:00 [WRN] HTTP POST /api/funders/register responded 400 in 17.9438 ms {"SourceContext":"Serilog.AspNetCore.RequestLoggingMiddleware","RequestId":"0HNMOSG3H3A96:00000023","ConnectionId":"0HNMOSG3H3A96","Application":"MyPO.API"}
2026-07-03 14:16:03.529 +02:00 [WRN] HTTP POST /api/funders/register responded 400 in 3.0490 ms {"SourceContext":"Serilog.AspNetCore.RequestLoggingMiddleware","RequestId":"0HNMOSG3H3A96:00000024","ConnectionId":"0HNMOSG3H3A96","Application":"MyPO.API"}
